2025/02/23 08:40:51 [notice] 1#1: using the "epoll" event method
2025/02/23 08:40:51 [notice] 1#1: nginx/1.27.4
2025/02/23 08:40:51 [notice] 1#1: built by gcc 12.2.0 (Debian 12.2.0-14)
2025/02/23 08:40:51 [notice] 1#1: OS: Linux 6.8.0-1021-aws
2025/02/23 08:40:51 [notice] 1#1: getrlimit(RLIMIT_NOFILE): 1048576:1048576
2025/02/23 08:40:51 [notice] 1#1: start worker processes
2025/02/23 08:40:51 [notice] 1#1: start worker process 29
2025/02/23 08:40:51 [notice] 1#1: start worker process 30
2025/02/23 08:45:07 [notice] 1#1: signal 3 (SIGQUIT) received, shutting down
2025/02/23 08:45:07 [notice] 29#29: gracefully shutting down
2025/02/23 08:45:07 [notice] 29#29: exiting
2025/02/23 08:45:07 [notice] 29#29: exit
2025/02/23 08:45:07 [notice] 30#30: gracefully shutting down
2025/02/23 08:45:07 [notice] 30#30: exiting
2025/02/23 08:45:07 [notice] 30#30: exit
2025/02/23 08:45:07 [notice] 1#1: signal 17 (SIGCHLD) received from 29
2025/02/23 08:45:07 [notice] 1#1: worker process 29 exited with code 0
2025/02/23 08:45:07 [notice] 1#1: signal 29 (SIGIO) received
2025/02/23 08:45:07 [notice] 1#1: signal 17 (SIGCHLD) received from 30
2025/02/23 08:45:07 [notice] 1#1: worker process 30 exited with code 0
2025/02/23 08:45:07 [notice] 1#1: exit
2025/02/23 08:47:35 [notice] 1#1: using the "epoll" event method
2025/02/23 08:47:35 [notice] 1#1: nginx/1.27.4
2025/02/23 08:47:35 [notice] 1#1: built by gcc 12.2.0 (Debian 12.2.0-14)
2025/02/23 08:47:35 [notice] 1#1: OS: Linux 6.8.0-1021-aws
2025/02/23 08:47:35 [notice] 1#1: getrlimit(RLIMIT_NOFILE): 1048576:1048576
2025/02/23 08:47:35 [notice] 1#1: start worker processes
2025/02/23 08:47:35 [notice] 1#1: start worker process 29
2025/02/23 08:47:35 [notice] 1#1: start worker process 30
2025/02/23 09:07:23 [notice] 29#29: signal 15 (SIGTERM) received, exiting
2025/02/23 09:07:23 [notice] 30#30: signal 15 (SIGTERM) received, exiting
2025/02/23 09:07:23 [notice] 1#1: signal 15 (SIGTERM) received, exiting
2025/02/23 09:07:23 [notice] 30#30: exiting
2025/02/23 09:07:23 [notice] 29#29: exiting
2025/02/23 09:07:23 [notice] 29#29: exit
2025/02/23 09:07:23 [notice] 1#1: signal 14 (SIGALRM) received
2025/02/23 09:07:23 [notice] 30#30: exit
2025/02/23 09:07:23 [notice] 1#1: signal 14 (SIGALRM) received
2025/02/23 09:07:23 [notice] 1#1: signal 17 (SIGCHLD) received from 30
2025/02/23 09:07:23 [notice] 1#1: worker process 30 exited with code 0
2025/02/23 09:07:23 [notice] 1#1: signal 17 (SIGCHLD) received from 29
2025/02/23 09:07:23 [notice] 1#1: worker process 29 exited with code 0
2025/02/23 09:07:23 [notice] 1#1: exit
2025/02/23 09:54:43 [notice] 1#1: using the "epoll" event method
2025/02/23 09:54:43 [notice] 1#1: nginx/1.27.4
2025/02/23 09:54:43 [notice] 1#1: built by gcc 12.2.0 (Debian 12.2.0-14)
2025/02/23 09:54:43 [notice] 1#1: OS: Linux 6.8.0-1021-aws
2025/02/23 09:54:43 [notice] 1#1: getrlimit(RLIMIT_NOFILE): 1048576:1048576
2025/02/23 09:54:43 [notice] 1#1: start worker processes
2025/02/23 09:54:43 [notice] 1#1: start worker process 29
2025/02/23 09:54:43 [notice] 1#1: start worker process 30
2025/02/23 09:57:28 [notice] 1#1: signal 15 (SIGTERM) received, exiting
2025/02/23 09:57:28 [notice] 29#29: signal 15 (SIGTERM) received, exiting
2025/02/23 09:57:28 [notice] 29#29: exiting
2025/02/23 09:57:28 [notice] 29#29: exit
2025/02/23 09:57:28 [notice] 30#30: signal 15 (SIGTERM) received, exiting
2025/02/23 09:57:28 [notice] 30#30: exiting
2025/02/23 09:57:28 [notice] 30#30: exit
2025/02/23 09:57:28 [notice] 1#1: signal 14 (SIGALRM) received
2025/02/23 09:57:28 [notice] 1#1: signal 17 (SIGCHLD) received from 30
2025/02/23 09:57:28 [notice] 1#1: worker process 30 exited with code 0
2025/02/23 09:57:28 [notice] 1#1: signal 29 (SIGIO) received
2025/02/23 09:57:28 [notice] 1#1: signal 17 (SIGCHLD) received from 29
2025/02/23 09:57:28 [notice] 1#1: worker process 29 exited with code 0
2025/02/23 09:57:28 [notice] 1#1: signal 14 (SIGALRM) received
2025/02/23 09:57:28 [notice] 1#1: exit
2025/02/23 10:17:41 [notice] 1#1: using the "epoll" event method
2025/02/23 10:17:41 [notice] 1#1: nginx/1.27.4
2025/02/23 10:17:41 [notice] 1#1: built by gcc 12.2.0 (Debian 12.2.0-14)
2025/02/23 10:17:41 [notice] 1#1: OS: Linux 6.8.0-1021-aws
2025/02/23 10:17:41 [notice] 1#1: getrlimit(RLIMIT_NOFILE): 1048576:1048576
2025/02/23 10:17:41 [notice] 1#1: start worker processes
2025/02/23 10:17:41 [notice] 1#1: start worker process 29
2025/02/23 10:17:41 [notice] 1#1: start worker process 30
